V3 3
FL D:/Programs/Program/Programs/MSc_CompSc/4th_sem/VLSI/assignment/prjct/tflipflop/tflipflopvhd.vhd 2011/04/14.18:10:33 M.70d
EN work/tflipflopvhd 1302784868 \
      FL D:/Programs/Program/Programs/MSc_CompSc/4th_sem/VLSI/assignment/prjct/tflipflop/tflipflopvhd.vhd \
      PB ieee/std_logic_1164 1284609568 PB ieee/std_logic_arith 1284609569 \
      PB ieee/STD_LOGIC_UNSIGNED 1284609570
AR work/tflipflopvhd/Behavioral 1302784869 \
      FL D:/Programs/Program/Programs/MSc_CompSc/4th_sem/VLSI/assignment/prjct/tflipflop/tflipflopvhd.vhd \
      EN work/tflipflopvhd 1302784868
