AR counter4bitvhd behavioral D:/Programs/Program/Programs/MSc_CompSc/4th_sem/VLSI/assignment/prjct/counter4bit/counter4bitvhd.vhd sub00/vhpl01 1302796824
EN counter4bitvhd NULL D:/Programs/Program/Programs/MSc_CompSc/4th_sem/VLSI/assignment/prjct/counter4bit/counter4bitvhd.vhd sub00/vhpl00 1302796823
