EN sevensegmentvhd NULL D:/Programs/Program/Programs/MSc_CompSc/4th_sem/VLSI/assignment/prjct/sevensement/sevensegmentvhd.vhd sub00/vhpl00 1302807882
AR sevensegmentvhd behavioral D:/Programs/Program/Programs/MSc_CompSc/4th_sem/VLSI/assignment/prjct/sevensement/sevensegmentvhd.vhd sub00/vhpl01 1302807883
