V3 3
FL D:/Programs/Program/Programs/MSc_CompSc/4th_sem/VLSI/assignment/prjct/sevensement/sevensegmentvhd.vhd 2011/04/15.00:34:30 M.70d
EN work/sevensegmentvhd 1302807882 \
      FL D:/Programs/Program/Programs/MSc_CompSc/4th_sem/VLSI/assignment/prjct/sevensement/sevensegmentvhd.vhd \
      PB ieee/std_logic_1164 1284609568 PB ieee/std_logic_arith 1284609569 \
      PB ieee/STD_LOGIC_UNSIGNED 1284609570
AR work/sevensegmentvhd/Behavioral 1302807883 \
      FL D:/Programs/Program/Programs/MSc_CompSc/4th_sem/VLSI/assignment/prjct/sevensement/sevensegmentvhd.vhd \
      EN work/sevensegmentvhd 1302807882
