V3 3
FL E:/Program/Programs/MSc_CompSc/4th_sem/VLSO/workspace/test/mux.vhd 2011/03/27.16:31:14 M.70d
EN work/mux 1301223682 \
      FL E:/Program/Programs/MSc_CompSc/4th_sem/VLSO/workspace/test/mux.vhd \
      PB ieee/std_logic_1164 1284609568 PB ieee/std_logic_arith 1284609569 \
      PB ieee/STD_LOGIC_UNSIGNED 1284609570
AR work/mux/Behavioral 1301223683 \
      FL E:/Program/Programs/MSc_CompSc/4th_sem/VLSO/workspace/test/mux.vhd \
      EN work/mux 1301223682
