AR memory behv D:/Programs/Program/Programs/MSc_CompSc/4th_sem/VLSI/assignment/prjct/processor4/memory.vhd sub00/vhpl01 1304236067
EN memory NULL D:/Programs/Program/Programs/MSc_CompSc/4th_sem/VLSI/assignment/prjct/processor4/memory.vhd sub00/vhpl00 1304236066
EN microprocessor NULL D:/Programs/Program/Programs/MSc_CompSc/4th_sem/VLSI/assignment/prjct/processor4/CPU.vhd sub00/vhpl02 1304236068
EN cpu_test NULL D:/Programs/Program/Programs/MSc_CompSc/4th_sem/VLSI/assignment/prjct/processor4/cpu_test.vhd sub00/vhpl04 1304235394
AR microprocessor structure D:/Programs/Program/Programs/MSc_CompSc/4th_sem/VLSI/assignment/prjct/processor4/CPU.vhd sub00/vhpl03 1304236069
