V3 11
FL D:/Programs/Program/Programs/MSc_CompSc/4th_sem/VLSI/assignment/prjct/processor4/CPU.vhd 2011/05/01.13:10:55 M.70d
EN work/microprocessor 1304236068 \
      FL D:/Programs/Program/Programs/MSc_CompSc/4th_sem/VLSI/assignment/prjct/processor4/CPU.vhd \
      PB ieee/std_logic_1164 1284609568 PB ieee/std_logic_arith 1284609569 \
      PB ieee/STD_LOGIC_UNSIGNED 1284609570
AR work/microprocessor/structure 1304236069 \
      FL D:/Programs/Program/Programs/MSc_CompSc/4th_sem/VLSI/assignment/prjct/processor4/CPU.vhd \
      EN work/microprocessor 1304236068 CP memory
FL D:/Programs/Program/Programs/MSc_CompSc/4th_sem/VLSI/assignment/prjct/processor4/cpu_test.vhd 2011/05/01.12:18:18 M.70d
EN work/cpu_test 0 \
      FL D:/Programs/Program/Programs/MSc_CompSc/4th_sem/VLSI/assignment/prjct/processor4/cpu_test.vhd \
      PB ieee/std_logic_1164 1284609568
AR work/cpu_test/behavior 0 \
      FL D:/Programs/Program/Programs/MSc_CompSc/4th_sem/VLSI/assignment/prjct/processor4/cpu_test.vhd \
      EN work/cpu_test 0 CP microprocessor
FL D:/Programs/Program/Programs/MSc_CompSc/4th_sem/VLSI/assignment/prjct/processor4/memory.vhd 2011/05/01.12:17:51 M.70d
EN work/memory 1304236066 \
      FL D:/Programs/Program/Programs/MSc_CompSc/4th_sem/VLSI/assignment/prjct/processor4/memory.vhd \
      PB ieee/std_logic_1164 1284609568 PB ieee/std_logic_arith 1284609569 \
      PB ieee/STD_LOGIC_UNSIGNED 1284609570
AR work/memory/behv 1304236067 \
      FL D:/Programs/Program/Programs/MSc_CompSc/4th_sem/VLSI/assignment/prjct/processor4/memory.vhd \
      EN work/memory 1304236066
