AR regfile behave D:/Programs/Program/Programs/MSc_CompSc/4th_sem/VLSI/assignment/prjct/processor2/regfile.vhd sub00/vhpl06 1303509190
EN procmem NULL D:/Programs/Program/Programs/MSc_CompSc/4th_sem/VLSI/assignment/prjct/processor2/procmem.vhd sub00/vhpl33 1303509217
AR pc behave D:/Programs/Program/Programs/MSc_CompSc/4th_sem/VLSI/assignment/prjct/processor2/pc.vhd sub00/vhpl08 1303509192
AR data behave D:/Programs/Program/Programs/MSc_CompSc/4th_sem/VLSI/assignment/prjct/processor2/data.vhd sub00/vhpl28 1303509212
EN regfile NULL D:/Programs/Program/Programs/MSc_CompSc/4th_sem/VLSI/assignment/prjct/processor2/regfile.vhd sub00/vhpl05 1303509189
AR ram rtl D:/Programs/Program/Programs/MSc_CompSc/4th_sem/VLSI/assignment/prjct/processor2/ram.vhd sub00/vhpl24 1303509208
EN instreg NULL D:/Programs/Program/Programs/MSc_CompSc/4th_sem/VLSI/assignment/prjct/processor2/instreg.vhd sub00/vhpl09 1303509193
AR data_memwriteback behave D:/Programs/Program/Programs/MSc_CompSc/4th_sem/VLSI/assignment/prjct/processor2/data_memwriteback.vhd sub00/vhpl20 1303509202
PH procmem_definitions NULL D:/Programs/Program/Programs/MSc_CompSc/4th_sem/VLSI/assignment/prjct/processor2/procmem_definitions.vhd sub00/vhpl02 1303509184
AR instreg behave D:/Programs/Program/Programs/MSc_CompSc/4th_sem/VLSI/assignment/prjct/processor2/instreg.vhd sub00/vhpl10 1303509194
EN data_decode NULL D:/Programs/Program/Programs/MSc_CompSc/4th_sem/VLSI/assignment/prjct/processor2/data_decode.vhd sub00/vhpl13 1303509197
EN data_fetch NULL D:/Programs/Program/Programs/MSc_CompSc/4th_sem/VLSI/assignment/prjct/processor2/data_fetch.vhd sub00/vhpl11 1303509195
AR procmem behave D:/Programs/Program/Programs/MSc_CompSc/4th_sem/VLSI/assignment/prjct/processor2/procmem.vhd sub00/vhpl34 1303509218
AR alucontrol behave D:/Programs/Program/Programs/MSc_CompSc/4th_sem/VLSI/assignment/prjct/processor2/ALUControl.vhd sub00/vhpl22 1303509206
EN pc NULL D:/Programs/Program/Programs/MSc_CompSc/4th_sem/VLSI/assignment/prjct/processor2/pc.vhd sub00/vhpl07 1303509191
EN controlfsm NULL D:/Programs/Program/Programs/MSc_CompSc/4th_sem/VLSI/assignment/prjct/processor2/ControlFSM.vhd sub00/vhpl00 1303509203
AR data_decode behave D:/Programs/Program/Programs/MSc_CompSc/4th_sem/VLSI/assignment/prjct/processor2/data_decode.vhd sub00/vhpl14 1303509198
AR data_execution behave D:/Programs/Program/Programs/MSc_CompSc/4th_sem/VLSI/assignment/prjct/processor2/data_execution.vhd sub00/vhpl18 1303509200
AR data_fetch behave D:/Programs/Program/Programs/MSc_CompSc/4th_sem/VLSI/assignment/prjct/processor2/data_fetch.vhd sub00/vhpl12 1303509196
EN memory NULL D:/Programs/Program/Programs/MSc_CompSc/4th_sem/VLSI/assignment/prjct/processor2/memory.vhd sub00/vhpl31 1303509215
AR control behave D:/Programs/Program/Programs/MSc_CompSc/4th_sem/VLSI/assignment/prjct/processor2/control.vhd sub00/vhpl26 1303509210
EN data_execution NULL D:/Programs/Program/Programs/MSc_CompSc/4th_sem/VLSI/assignment/prjct/processor2/data_execution.vhd sub00/vhpl15 1303509199
EN data_memwriteback NULL D:/Programs/Program/Programs/MSc_CompSc/4th_sem/VLSI/assignment/prjct/processor2/data_memwriteback.vhd sub00/vhpl19 1303509201
EN mips NULL D:/Programs/Program/Programs/MSc_CompSc/4th_sem/VLSI/assignment/prjct/processor2/mips.vhd sub00/vhpl29 1303509213
AR controlfsm behave D:/Programs/Program/Programs/MSc_CompSc/4th_sem/VLSI/assignment/prjct/processor2/ControlFSM.vhd sub00/vhpl01 1303509204
EN control NULL D:/Programs/Program/Programs/MSc_CompSc/4th_sem/VLSI/assignment/prjct/processor2/control.vhd sub00/vhpl25 1303509209
AR tempreg behave D:/Programs/Program/Programs/MSc_CompSc/4th_sem/VLSI/assignment/prjct/processor2/tempreg.vhd sub00/vhpl04 1303509186
EN data NULL D:/Programs/Program/Programs/MSc_CompSc/4th_sem/VLSI/assignment/prjct/processor2/data.vhd sub00/vhpl27 1303509211
EN ram NULL D:/Programs/Program/Programs/MSc_CompSc/4th_sem/VLSI/assignment/prjct/processor2/ram.vhd sub00/vhpl23 1303509207
AR memory behave D:/Programs/Program/Programs/MSc_CompSc/4th_sem/VLSI/assignment/prjct/processor2/memory.vhd sub00/vhpl32 1303509216
AR mips behave D:/Programs/Program/Programs/MSc_CompSc/4th_sem/VLSI/assignment/prjct/processor2/mips.vhd sub00/vhpl30 1303509214
AR alu behave D:/Programs/Program/Programs/MSc_CompSc/4th_sem/VLSI/assignment/prjct/processor2/alu.vhd sub00/vhpl17 1303509188
EN alu NULL D:/Programs/Program/Programs/MSc_CompSc/4th_sem/VLSI/assignment/prjct/processor2/alu.vhd sub00/vhpl16 1303509187
EN alucontrol NULL D:/Programs/Program/Programs/MSc_CompSc/4th_sem/VLSI/assignment/prjct/processor2/ALUControl.vhd sub00/vhpl21 1303509205
EN tempreg NULL D:/Programs/Program/Programs/MSc_CompSc/4th_sem/VLSI/assignment/prjct/processor2/tempreg.vhd sub00/vhpl03 1303509185
