V3 69
FL D:/Programs/Program/Programs/MSc_CompSc/4th_sem/VLSI/assignment/prjct/processor2/alu.vhd 2011/04/23.01:55:41 M.70d
EN work/alu 1303509187 \
      FL D:/Programs/Program/Programs/MSc_CompSc/4th_sem/VLSI/assignment/prjct/processor2/alu.vhd \
      PB ieee/std_logic_1164 1284609568 PB ieee/NUMERIC_STD 1284609569 \
      PH work/ProcMem_definitions 1303509184
AR work/alu/behave 1303509188 \
      FL D:/Programs/Program/Programs/MSc_CompSc/4th_sem/VLSI/assignment/prjct/processor2/alu.vhd \
      EN work/alu 1303509187
FL D:/Programs/Program/Programs/MSc_CompSc/4th_sem/VLSI/assignment/prjct/processor2/ALUControl.vhd 2011/04/23.00:47:02 M.70d
EN work/ALUControl 1303509205 \
      FL D:/Programs/Program/Programs/MSc_CompSc/4th_sem/VLSI/assignment/prjct/processor2/ALUControl.vhd \
      PB ieee/std_logic_1164 1284609568
AR work/ALUControl/behave 1303509206 \
      FL D:/Programs/Program/Programs/MSc_CompSc/4th_sem/VLSI/assignment/prjct/processor2/ALUControl.vhd \
      EN work/ALUControl 1303509205
FL D:/Programs/Program/Programs/MSc_CompSc/4th_sem/VLSI/assignment/prjct/processor2/control.vhd 2011/04/23.03:20:25 M.70d
EN work/control 1303509209 \
      FL D:/Programs/Program/Programs/MSc_CompSc/4th_sem/VLSI/assignment/prjct/processor2/control.vhd \
      PB ieee/std_logic_1164 1284609568
AR work/control/behave 1303509210 \
      FL D:/Programs/Program/Programs/MSc_CompSc/4th_sem/VLSI/assignment/prjct/processor2/control.vhd \
      EN work/control 1303509209 CP ControlFSM CP ALUControl
FL D:/Programs/Program/Programs/MSc_CompSc/4th_sem/VLSI/assignment/prjct/processor2/ControlFSM.vhd 2011/04/23.00:40:53 M.70d
EN work/ControlFSM 1303509203 \
      FL D:/Programs/Program/Programs/MSc_CompSc/4th_sem/VLSI/assignment/prjct/processor2/ControlFSM.vhd \
      PB ieee/std_logic_1164 1284609568
AR work/ControlFSM/behave 1303509204 \
      FL D:/Programs/Program/Programs/MSc_CompSc/4th_sem/VLSI/assignment/prjct/processor2/ControlFSM.vhd \
      EN work/ControlFSM 1303509203
FL D:/Programs/Program/Programs/MSc_CompSc/4th_sem/VLSI/assignment/prjct/processor2/data.vhd 2011/04/23.02:38:13 M.70d
EN work/data 1303509211 \
      FL D:/Programs/Program/Programs/MSc_CompSc/4th_sem/VLSI/assignment/prjct/processor2/data.vhd \
      PB ieee/std_logic_1164 1284609568 PB ieee/NUMERIC_STD 1284609569 \
      PH work/ProcMem_definitions 1303509184
AR work/data/behave 1303509212 \
      FL D:/Programs/Program/Programs/MSc_CompSc/4th_sem/VLSI/assignment/prjct/processor2/data.vhd \
      EN work/data 1303509211 CP data_fetch CP data_decode CP data_execution \
      CP data_memwriteback
FL D:/Programs/Program/Programs/MSc_CompSc/4th_sem/VLSI/assignment/prjct/processor2/data_decode.vhd 2011/04/23.02:18:58 M.70d
EN work/data_decode 1303509197 \
      FL D:/Programs/Program/Programs/MSc_CompSc/4th_sem/VLSI/assignment/prjct/processor2/data_decode.vhd \
      PB ieee/std_logic_1164 1284609568 PB ieee/NUMERIC_STD 1284609569 \
      PH work/ProcMem_definitions 1303509184
AR work/data_decode/behave 1303509198 \
      FL D:/Programs/Program/Programs/MSc_CompSc/4th_sem/VLSI/assignment/prjct/processor2/data_decode.vhd \
      EN work/data_decode 1303509197 CP tempreg CP regfile
FL D:/Programs/Program/Programs/MSc_CompSc/4th_sem/VLSI/assignment/prjct/processor2/data_execution.vhd 2011/04/23.03:12:40 M.70d
EN work/data_execution 1303509199 \
      FL D:/Programs/Program/Programs/MSc_CompSc/4th_sem/VLSI/assignment/prjct/processor2/data_execution.vhd \
      PB ieee/std_logic_1164 1284609568 PB ieee/NUMERIC_STD 1284609569 \
      PH work/ProcMem_definitions 1303509184
AR work/data_execution/behave 1303509200 \
      FL D:/Programs/Program/Programs/MSc_CompSc/4th_sem/VLSI/assignment/prjct/processor2/data_execution.vhd \
      EN work/data_execution 1303509199 CP alu
FL D:/Programs/Program/Programs/MSc_CompSc/4th_sem/VLSI/assignment/prjct/processor2/data_fetch.vhd 2011/04/23.02:05:02 M.70d
EN work/data_fetch 1303509195 \
      FL D:/Programs/Program/Programs/MSc_CompSc/4th_sem/VLSI/assignment/prjct/processor2/data_fetch.vhd \
      PB ieee/std_logic_1164 1284609568 PB ieee/NUMERIC_STD 1284609569 \
      PH work/ProcMem_definitions 1303509184
AR work/data_fetch/behave 1303509196 \
      FL D:/Programs/Program/Programs/MSc_CompSc/4th_sem/VLSI/assignment/prjct/processor2/data_fetch.vhd \
      EN work/data_fetch 1303509195 CP pc CP instreg CP tempreg
FL D:/Programs/Program/Programs/MSc_CompSc/4th_sem/VLSI/assignment/prjct/processor2/data_memwriteback.vhd 2011/04/23.02:27:25 M.70d
EN work/data_memwriteback 1303509201 \
      FL D:/Programs/Program/Programs/MSc_CompSc/4th_sem/VLSI/assignment/prjct/processor2/data_memwriteback.vhd \
      PB ieee/std_logic_1164 1284609568 PB ieee/NUMERIC_STD 1284609569 \
      PH work/ProcMem_definitions 1303509184
AR work/data_memwriteback/behave 1303509202 \
      FL D:/Programs/Program/Programs/MSc_CompSc/4th_sem/VLSI/assignment/prjct/processor2/data_memwriteback.vhd \
      EN work/data_memwriteback 1303509201 CP tempreg
FL D:/Programs/Program/Programs/MSc_CompSc/4th_sem/VLSI/assignment/prjct/processor2/instreg.vhd 2011/04/23.01:12:52 M.70d
EN work/instreg 1303509193 \
      FL D:/Programs/Program/Programs/MSc_CompSc/4th_sem/VLSI/assignment/prjct/processor2/instreg.vhd \
      PB ieee/std_logic_1164 1284609568 PB ieee/NUMERIC_STD 1284609569 \
      PH work/ProcMem_definitions 1303509184
AR work/instreg/behave 1303509194 \
      FL D:/Programs/Program/Programs/MSc_CompSc/4th_sem/VLSI/assignment/prjct/processor2/instreg.vhd \
      EN work/instreg 1303509193
FL D:/Programs/Program/Programs/MSc_CompSc/4th_sem/VLSI/assignment/prjct/processor2/memory.vhd 2011/04/23.02:54:20 M.70d
EN work/memory 1303509215 \
      FL D:/Programs/Program/Programs/MSc_CompSc/4th_sem/VLSI/assignment/prjct/processor2/memory.vhd \
      PB ieee/std_logic_1164 1284609568 PB ieee/NUMERIC_STD 1284609569 \
      PH work/ProcMem_definitions 1303509184
AR work/memory/behave 1303509216 \
      FL D:/Programs/Program/Programs/MSc_CompSc/4th_sem/VLSI/assignment/prjct/processor2/memory.vhd \
      EN work/memory 1303509215 CP ram
FL D:/Programs/Program/Programs/MSc_CompSc/4th_sem/VLSI/assignment/prjct/processor2/mips.vhd 2011/04/23.02:59:51 M.70d
EN work/mips 1303509213 \
      FL D:/Programs/Program/Programs/MSc_CompSc/4th_sem/VLSI/assignment/prjct/processor2/mips.vhd \
      PB ieee/std_logic_1164 1284609568 PB ieee/NUMERIC_STD 1284609569 \
      PH work/ProcMem_definitions 1303509184
AR work/mips/behave 1303509214 \
      FL D:/Programs/Program/Programs/MSc_CompSc/4th_sem/VLSI/assignment/prjct/processor2/mips.vhd \
      EN work/mips 1303509213 CP control CP data
FL D:/Programs/Program/Programs/MSc_CompSc/4th_sem/VLSI/assignment/prjct/processor2/pc.vhd 2011/04/23.01:05:10 M.70d
EN work/pc 1303509191 \
      FL D:/Programs/Program/Programs/MSc_CompSc/4th_sem/VLSI/assignment/prjct/processor2/pc.vhd \
      PB ieee/std_logic_1164 1284609568 PB ieee/NUMERIC_STD 1284609569 \
      PH work/ProcMem_definitions 1303509184
AR work/pc/behave 1303509192 \
      FL D:/Programs/Program/Programs/MSc_CompSc/4th_sem/VLSI/assignment/prjct/processor2/pc.vhd \
      EN work/pc 1303509191
FL D:/Programs/Program/Programs/MSc_CompSc/4th_sem/VLSI/assignment/prjct/processor2/procmem.vhd 2011/04/23.03:04:19 M.70d
EN work/procmem 1303509217 \
      FL D:/Programs/Program/Programs/MSc_CompSc/4th_sem/VLSI/assignment/prjct/processor2/procmem.vhd \
      PB ieee/std_logic_1164 1284609568 PB ieee/NUMERIC_STD 1284609569 \
      PH work/ProcMem_definitions 1303509184
AR work/procmem/behave 1303509218 \
      FL D:/Programs/Program/Programs/MSc_CompSc/4th_sem/VLSI/assignment/prjct/processor2/procmem.vhd \
      EN work/procmem 1303509217 CP mips CP memory
FL D:/Programs/Program/Programs/MSc_CompSc/4th_sem/VLSI/assignment/prjct/processor2/procmem_definitions.vhd 2011/04/23.03:06:32 M.70d
PH work/ProcMem_definitions 1303509184 \
      FL D:/Programs/Program/Programs/MSc_CompSc/4th_sem/VLSI/assignment/prjct/processor2/procmem_definitions.vhd \
      PB ieee/std_logic_1164 1284609568
FL D:/Programs/Program/Programs/MSc_CompSc/4th_sem/VLSI/assignment/prjct/processor2/ram.vhd 2011/04/23.03:22:52 M.70d
EN work/ram 1303509207 \
      FL D:/Programs/Program/Programs/MSc_CompSc/4th_sem/VLSI/assignment/prjct/processor2/ram.vhd \
      PB ieee/std_logic_1164 1284609568 PB ieee/NUMERIC_STD 1284609569 \
      PH work/ProcMem_definitions 1303509184
AR work/ram/rtl 1303509208 \
      FL D:/Programs/Program/Programs/MSc_CompSc/4th_sem/VLSI/assignment/prjct/processor2/ram.vhd \
      EN work/ram 1303509207
FL D:/Programs/Program/Programs/MSc_CompSc/4th_sem/VLSI/assignment/prjct/processor2/regfile.vhd 2011/04/23.01:51:12 M.70d
EN work/regfile 1303509189 \
      FL D:/Programs/Program/Programs/MSc_CompSc/4th_sem/VLSI/assignment/prjct/processor2/regfile.vhd \
      PB ieee/std_logic_1164 1284609568 PB ieee/NUMERIC_STD 1284609569 \
      PH work/ProcMem_definitions 1303509184
AR work/regfile/behave 1303509190 \
      FL D:/Programs/Program/Programs/MSc_CompSc/4th_sem/VLSI/assignment/prjct/processor2/regfile.vhd \
      EN work/regfile 1303509189
FL D:/Programs/Program/Programs/MSc_CompSc/4th_sem/VLSI/assignment/prjct/processor2/tempreg.vhd 2011/04/23.03:11:34 M.70d
EN work/tempreg 1303509185 \
      FL D:/Programs/Program/Programs/MSc_CompSc/4th_sem/VLSI/assignment/prjct/processor2/tempreg.vhd \
      PB ieee/std_logic_1164 1284609568 PB ieee/NUMERIC_STD 1284609569 \
      PH work/ProcMem_definitions 1303509184
AR work/tempreg/behave 1303509186 \
      FL D:/Programs/Program/Programs/MSc_CompSc/4th_sem/VLSI/assignment/prjct/processor2/tempreg.vhd \
      EN work/tempreg 1303509185
