[backblue.gif]
[fade.gif]
[index.html]
[www.cbl.ncsu.edu_16080/icons/blank.gif]
[www.cbl.ncsu.edu_16080/icons/back.gif]
[www.cbl.ncsu.edu_16080/icons/unknown.gif]
[www.cbl.ncsu.edu_16080/benchmarks/Modgen89/bench/ANNOUNCEMENTS.txt]
[www.cbl.ncsu.edu_16080/benchmarks/Modgen89/bench/VPNR_GUIDE.txt]
[www.cbl.ncsu.edu_16080/icons/folder.gif]
[www.cbl.ncsu.edu_16080/benchmarks/Modgen89/bench/db.txt]
[www.cbl.ncsu.edu_16080/benchmarks/Modgen89/bench/index.html]
[www.cbl.ncsu.edu_16080/benchmarks/Modgen89/bench/index79c2.html]
[www.cbl.ncsu.edu_16080/benchmarks/Modgen89/bench/indexcaa7.html]
[www.cbl.ncsu.edu_16080/benchmarks/Modgen89/bench/index864c.html]
[www.cbl.ncsu.edu_16080/benchmarks/Modgen89/bench/index16c1.html]
[www.cbl.ncsu.edu_16080/benchmarks/Modgen89/bench/alu/db.txt]
[www.cbl.ncsu.edu_16080/benchmarks/Modgen89/bench/alu/fract.txt]
[www.cbl.ncsu.edu_16080/benchmarks/Modgen89/bench/alu/mult16.txt]
[www.cbl.ncsu.edu_16080/benchmarks/Modgen89/bench/alu/readme.txt]
[www.cbl.ncsu.edu_16080/benchmarks/Modgen89/bench/alu/revised_ti_alu.txt]
[www.cbl.ncsu.edu_16080/benchmarks/Modgen89/bench/alu/ti_alu.txt]
[www.cbl.ncsu.edu_16080/benchmarks/Modgen89/bench/alu/index.html]
[www.cbl.ncsu.edu_16080/benchmarks/Modgen89/bench/analog/opamp.txt]
[www.cbl.ncsu.edu_16080/benchmarks/Modgen89/bench/analog/readme.txt]
[www.cbl.ncsu.edu_16080/benchmarks/Modgen89/bench/analog/switch.txt]
[www.cbl.ncsu.edu_16080/benchmarks/Modgen89/bench/analog/index.html]
[www.cbl.ncsu.edu_16080/benchmarks/Modgen89/bench/bin/index.html]
[www.cbl.ncsu.edu_16080/benchmarks/Modgen89/bench/flex/accum.nmos.txt]
[www.cbl.ncsu.edu_16080/benchmarks/Modgen89/bench/flex/accum.simple.txt]
[www.cbl.ncsu.edu_16080/benchmarks/Modgen89/bench/flex/accum.sized.txt]
[www.cbl.ncsu.edu_16080/benchmarks/Modgen89/bench/flex/accum.txt]
[www.cbl.ncsu.edu_16080/benchmarks/Modgen89/bench/flex/readme.txt]
[www.cbl.ncsu.edu_16080/benchmarks/Modgen89/bench/flex/revised_accum.simple.txt]
[www.cbl.ncsu.edu_16080/benchmarks/Modgen89/bench/flex/index.html]
[www.cbl.ncsu.edu_16080/benchmarks/Modgen89/bench/fsm/db.txt]
[www.cbl.ncsu.edu_16080/benchmarks/Modgen89/bench/fsm/highway.txt]
[www.cbl.ncsu.edu_16080/benchmarks/Modgen89/bench/fsm/large.txt]
[www.cbl.ncsu.edu_16080/benchmarks/Modgen89/bench/fsm/medium.txt]
[www.cbl.ncsu.edu_16080/benchmarks/Modgen89/bench/fsm/readme.txt]
[www.cbl.ncsu.edu_16080/benchmarks/Modgen89/bench/fsm/index.html]
[www.cbl.ncsu.edu_16080/benchmarks/Modgen89/bench/layout/a2s.txt]
[www.cbl.ncsu.edu_16080/benchmarks/Modgen89/bench/layout/a3s.txt]
[www.cbl.ncsu.edu_16080/benchmarks/Modgen89/bench/layout/a4s.txt]
[www.cbl.ncsu.edu_16080/benchmarks/Modgen89/bench/layout/ai2s.txt]
[www.cbl.ncsu.edu_16080/benchmarks/Modgen89/bench/layout/ai3s.txt]
[www.cbl.ncsu.edu_16080/benchmarks/Modgen89/bench/layout/ai4s.txt]
[www.cbl.ncsu.edu_16080/benchmarks/Modgen89/bench/layout/allcells.txt]
[www.cbl.ncsu.edu_16080/benchmarks/Modgen89/bench/layout/aoi2111s.txt]
[www.cbl.ncsu.edu_16080/benchmarks/Modgen89/bench/layout/aoi211s.txt]
[www.cbl.ncsu.edu_16080/benchmarks/Modgen89/bench/layout/aoi21s.txt]
[www.cbl.ncsu.edu_16080/benchmarks/Modgen89/bench/layout/aoi2211s.txt]
[www.cbl.ncsu.edu_16080/benchmarks/Modgen89/bench/layout/aoi221s.txt]
[www.cbl.ncsu.edu_16080/benchmarks/Modgen89/bench/layout/aoi2221s.txt]
[www.cbl.ncsu.edu_16080/benchmarks/Modgen89/bench/layout/aoi222s.txt]
[www.cbl.ncsu.edu_16080/benchmarks/Modgen89/bench/layout/aoi22s.txt]
[www.cbl.ncsu.edu_16080/benchmarks/Modgen89/bench/layout/aoi31s.txt]
[www.cbl.ncsu.edu_16080/benchmarks/Modgen89/bench/layout/aoi32s.txt]
[www.cbl.ncsu.edu_16080/benchmarks/Modgen89/bench/layout/aoi33s.txt]
[www.cbl.ncsu.edu_16080/benchmarks/Modgen89/bench/layout/buftris.txt]
[www.cbl.ncsu.edu_16080/benchmarks/Modgen89/bench/layout/db.txt]
[www.cbl.ncsu.edu_16080/benchmarks/Modgen89/bench/layout/dr2s.txt]
[www.cbl.ncsu.edu_16080/benchmarks/Modgen89/bench/layout/dsr2s.txt]
[www.cbl.ncsu.edu_16080/benchmarks/Modgen89/bench/layout/fts.txt]
[www.cbl.ncsu.edu_16080/benchmarks/Modgen89/bench/layout/i1s.txt]
[www.cbl.ncsu.edu_16080/benchmarks/Modgen89/bench/layout/i2s.txt]
[www.cbl.ncsu.edu_16080/benchmarks/Modgen89/bench/layout/i4s.txt]
[www.cbl.ncsu.edu_16080/benchmarks/Modgen89/bench/layout/i8s.txt]
[www.cbl.ncsu.edu_16080/benchmarks/Modgen89/bench/layout/o2s.txt]
[www.cbl.ncsu.edu_16080/benchmarks/Modgen89/bench/layout/o3s.txt]
[www.cbl.ncsu.edu_16080/benchmarks/Modgen89/bench/layout/o4s.txt]
[www.cbl.ncsu.edu_16080/benchmarks/Modgen89/bench/layout/oai211s.txt]
[www.cbl.ncsu.edu_16080/benchmarks/Modgen89/bench/layout/oai21s.txt]
[www.cbl.ncsu.edu_16080/benchmarks/Modgen89/bench/layout/oai221s.txt]
[www.cbl.ncsu.edu_16080/benchmarks/Modgen89/bench/layout/oai222s.txt]
[www.cbl.ncsu.edu_16080/benchmarks/Modgen89/bench/layout/oai22s.txt]
[www.cbl.ncsu.edu_16080/benchmarks/Modgen89/bench/layout/oai31s.txt]
[www.cbl.ncsu.edu_16080/benchmarks/Modgen89/bench/layout/oai32s.txt]
[www.cbl.ncsu.edu_16080/benchmarks/Modgen89/bench/layout/oai33s.txt]
[www.cbl.ncsu.edu_16080/benchmarks/Modgen89/bench/layout/oi2s.txt]
[www.cbl.ncsu.edu_16080/benchmarks/Modgen89/bench/layout/oi3s.txt]
[www.cbl.ncsu.edu_16080/benchmarks/Modgen89/bench/layout/oi4s.txt]
[www.cbl.ncsu.edu_16080/benchmarks/Modgen89/bench/layout/q1s.txt]
[www.cbl.ncsu.edu_16080/benchmarks/Modgen89/bench/layout/q2is.txt]
[www.cbl.ncsu.edu_16080/benchmarks/Modgen89/bench/layout/q2s.txt]
[www.cbl.ncsu.edu_16080/benchmarks/Modgen89/bench/layout/xnors.txt]
[www.cbl.ncsu.edu_16080/benchmarks/Modgen89/bench/layout/xors.txt]
[www.cbl.ncsu.edu_16080/benchmarks/Modgen89/bench/layout/index.html]
[www.cbl.ncsu.edu_16080/benchmarks/Modgen89/bench/ram/readme.txt]
[www.cbl.ncsu.edu_16080/benchmarks/Modgen89/bench/ram/index.html]
[www.cbl.ncsu.edu_16080/benchmarks/Modgen89/bench/src/Makefile.txt]
[www.cbl.ncsu.edu_16080/benchmarks/Modgen89/bench/src/SOFTWARE_GUIDE.txt]
[www.cbl.ncsu.edu_16080/benchmarks/Modgen89/bench/src/index.html]
[www.cbl.ncsu.edu_16080/benchmarks/Modgen89/bench/tech/mosis.3.0.txt]
[www.cbl.ncsu.edu_16080/benchmarks/Modgen89/bench/tech/normal.txt]
[www.cbl.ncsu.edu_16080/icons/image2.gif]
[www.cbl.ncsu.edu_16080/benchmarks/Modgen89/bench/tech/normal.pict]
[www.cbl.ncsu.edu_16080/benchmarks/Modgen89/bench/tech/normal-2.txt]
[www.cbl.ncsu.edu_16080/benchmarks/Modgen89/bench/tech/readme.txt]
[www.cbl.ncsu.edu_16080/benchmarks/Modgen89/bench/tech/index.html]
[www.cbl.ncsu.edu_16080/benchmarks/Modgen89/bench/index2846.html]
[www.cbl.ncsu.edu_16080/benchmarks/Modgen89/bench/index5272.html]
[www.cbl.ncsu.edu_16080/benchmarks/Modgen89/bench/indexb3a7.html]
[www.cbl.ncsu.edu_16080/benchmarks/Modgen89/bench/index7e6f.html]
[www.cbl.ncsu.edu_16080/benchmarks/Modgen89/bench/alu/index79c2.html]
[www.cbl.ncsu.edu_16080/benchmarks/Modgen89/bench/alu/indexcaa7.html]
[www.cbl.ncsu.edu_16080/benchmarks/Modgen89/bench/alu/index864c.html]
[www.cbl.ncsu.edu_16080/benchmarks/Modgen89/bench/alu/index16c1.html]
[www.cbl.ncsu.edu_16080/benchmarks/Modgen89/bench/analog/index79c2.html]
[www.cbl.ncsu.edu_16080/benchmarks/Modgen89/bench/analog/indexcaa7.html]
[www.cbl.ncsu.edu_16080/benchmarks/Modgen89/bench/analog/index864c.html]
[www.cbl.ncsu.edu_16080/benchmarks/Modgen89/bench/analog/index16c1.html]
[www.cbl.ncsu.edu_16080/benchmarks/Modgen89/bench/bin/index79c2.html]
[www.cbl.ncsu.edu_16080/benchmarks/Modgen89/bench/bin/indexcaa7.html]
[www.cbl.ncsu.edu_16080/benchmarks/Modgen89/bench/bin/index864c.html]
[www.cbl.ncsu.edu_16080/benchmarks/Modgen89/bench/bin/index16c1.html]
[www.cbl.ncsu.edu_16080/benchmarks/Modgen89/bench/flex/index79c2.html]
[www.cbl.ncsu.edu_16080/benchmarks/Modgen89/bench/flex/indexcaa7.html]
[www.cbl.ncsu.edu_16080/benchmarks/Modgen89/bench/flex/index864c.html]
[www.cbl.ncsu.edu_16080/benchmarks/Modgen89/bench/flex/index16c1.html]
[www.cbl.ncsu.edu_16080/benchmarks/Modgen89/bench/fsm/index79c2.html]
[www.cbl.ncsu.edu_16080/benchmarks/Modgen89/bench/fsm/indexcaa7.html]
[www.cbl.ncsu.edu_16080/benchmarks/Modgen89/bench/fsm/index864c.html]
[www.cbl.ncsu.edu_16080/benchmarks/Modgen89/bench/fsm/index16c1.html]
[www.cbl.ncsu.edu_16080/benchmarks/Modgen89/bench/layout/index79c2.html]
[www.cbl.ncsu.edu_16080/benchmarks/Modgen89/bench/layout/indexcaa7.html]
[www.cbl.ncsu.edu_16080/benchmarks/Modgen89/bench/layout/index864c.html]
[www.cbl.ncsu.edu_16080/benchmarks/Modgen89/bench/layout/index16c1.html]
[www.cbl.ncsu.edu_16080/benchmarks/Modgen89/bench/ram/index79c2.html]
[www.cbl.ncsu.edu_16080/benchmarks/Modgen89/bench/ram/indexcaa7.html]
[www.cbl.ncsu.edu_16080/benchmarks/Modgen89/bench/ram/index864c.html]
[www.cbl.ncsu.edu_16080/benchmarks/Modgen89/bench/ram/index16c1.html]
[www.cbl.ncsu.edu_16080/benchmarks/Modgen89/bench/src/index79c2.html]
[www.cbl.ncsu.edu_16080/benchmarks/Modgen89/bench/src/indexcaa7.html]
[www.cbl.ncsu.edu_16080/benchmarks/Modgen89/bench/src/index864c.html]
[www.cbl.ncsu.edu_16080/benchmarks/Modgen89/bench/src/index16c1.html]
[www.cbl.ncsu.edu_16080/benchmarks/Modgen89/bench/src/load/LOAD.txt]
[www.cbl.ncsu.edu_16080/benchmarks/Modgen89/bench/src/load/Makefile.txt]
[www.cbl.ncsu.edu_16080/benchmarks/Modgen89/bench/src/load/READ_ME.txt]
[www.cbl.ncsu.edu_16080/benchmarks/Modgen89/bench/src/load/load.csh]
[www.cbl.ncsu.edu_16080/benchmarks/Modgen89/bench/src/load/load-2.txt]
[www.cbl.ncsu.edu_16080/benchmarks/Modgen89/bench/src/load/load-3.txt]
[www.cbl.ncsu.edu_16080/benchmarks/Modgen89/bench/src/load/parser.txt]
[www.cbl.ncsu.edu_16080/benchmarks/Modgen89/bench/src/load/index.html]
[www.cbl.ncsu.edu_16080/benchmarks/Modgen89/bench/src/parser/Makefile.txt]
[www.cbl.ncsu.edu_16080/benchmarks/Modgen89/bench/src/parser/lx.txt]
[www.cbl.ncsu.edu_16080/icons/c.gif]
[www.cbl.ncsu.edu_16080/benchmarks/Modgen89/bench/src/parser/util.txt]
[www.cbl.ncsu.edu_16080/benchmarks/Modgen89/bench/src/parser/yc.txt]
[www.cbl.ncsu.edu_16080/benchmarks/Modgen89/bench/src/parser/index.html]
[www.cbl.ncsu.edu_16080/benchmarks/Modgen89/bench/src/sample/Makefile.txt]
[www.cbl.ncsu.edu_16080/benchmarks/Modgen89/bench/src/sample/sample.txt]
[www.cbl.ncsu.edu_16080/benchmarks/Modgen89/bench/src/sample/sampledata.txt]
[www.cbl.ncsu.edu_16080/benchmarks/Modgen89/bench/src/sample/index.html]
[www.cbl.ncsu.edu_16080/benchmarks/Modgen89/bench/tech/index79c2.html]
[www.cbl.ncsu.edu_16080/benchmarks/Modgen89/bench/tech/indexcaa7.html]
[www.cbl.ncsu.edu_16080/benchmarks/Modgen89/bench/tech/index864c.html]
[www.cbl.ncsu.edu_16080/benchmarks/Modgen89/bench/tech/index16c1.html]
[www.cbl.ncsu.edu_16080/benchmarks/Modgen89/bench/alu/index2846.html]
[www.cbl.ncsu.edu_16080/benchmarks/Modgen89/bench/alu/index5272.html]
[www.cbl.ncsu.edu_16080/benchmarks/Modgen89/bench/alu/indexb3a7.html]
[www.cbl.ncsu.edu_16080/benchmarks/Modgen89/bench/alu/index7e6f.html]
[www.cbl.ncsu.edu_16080/benchmarks/Modgen89/bench/analog/index2846.html]
[www.cbl.ncsu.edu_16080/benchmarks/Modgen89/bench/analog/index5272.html]
[www.cbl.ncsu.edu_16080/benchmarks/Modgen89/bench/analog/indexb3a7.html]
[www.cbl.ncsu.edu_16080/benchmarks/Modgen89/bench/analog/index7e6f.html]
[www.cbl.ncsu.edu_16080/benchmarks/Modgen89/bench/bin/index2846.html]
[www.cbl.ncsu.edu_16080/benchmarks/Modgen89/bench/bin/index5272.html]
[www.cbl.ncsu.edu_16080/benchmarks/Modgen89/bench/bin/indexb3a7.html]
[www.cbl.ncsu.edu_16080/benchmarks/Modgen89/bench/bin/index7e6f.html]
[www.cbl.ncsu.edu_16080/benchmarks/Modgen89/bench/flex/index2846.html]
[www.cbl.ncsu.edu_16080/benchmarks/Modgen89/bench/flex/index5272.html]
[www.cbl.ncsu.edu_16080/benchmarks/Modgen89/bench/flex/indexb3a7.html]
[www.cbl.ncsu.edu_16080/benchmarks/Modgen89/bench/flex/index7e6f.html]
[www.cbl.ncsu.edu_16080/benchmarks/Modgen89/bench/fsm/index2846.html]
[www.cbl.ncsu.edu_16080/benchmarks/Modgen89/bench/fsm/index5272.html]
[www.cbl.ncsu.edu_16080/benchmarks/Modgen89/bench/fsm/indexb3a7.html]
[www.cbl.ncsu.edu_16080/benchmarks/Modgen89/bench/fsm/index7e6f.html]
[www.cbl.ncsu.edu_16080/benchmarks/Modgen89/bench/layout/index2846.html]
[www.cbl.ncsu.edu_16080/benchmarks/Modgen89/bench/layout/index5272.html]
[www.cbl.ncsu.edu_16080/benchmarks/Modgen89/bench/layout/indexb3a7.html]
[www.cbl.ncsu.edu_16080/benchmarks/Modgen89/bench/layout/index7e6f.html]
[www.cbl.ncsu.edu_16080/benchmarks/Modgen89/bench/ram/index2846.html]
[www.cbl.ncsu.edu_16080/benchmarks/Modgen89/bench/ram/index5272.html]
[www.cbl.ncsu.edu_16080/benchmarks/Modgen89/bench/ram/indexb3a7.html]
[www.cbl.ncsu.edu_16080/benchmarks/Modgen89/bench/ram/index7e6f.html]
[www.cbl.ncsu.edu_16080/benchmarks/Modgen89/bench/src/index2846.html]
[www.cbl.ncsu.edu_16080/benchmarks/Modgen89/bench/src/index5272.html]
[www.cbl.ncsu.edu_16080/benchmarks/Modgen89/bench/src/indexb3a7.html]
[www.cbl.ncsu.edu_16080/benchmarks/Modgen89/bench/src/index7e6f.html]
[www.cbl.ncsu.edu_16080/benchmarks/Modgen89/bench/src/load/index79c2.html]
[www.cbl.ncsu.edu_16080/benchmarks/Modgen89/bench/src/load/indexcaa7.html]
[www.cbl.ncsu.edu_16080/benchmarks/Modgen89/bench/src/load/index864c.html]
[www.cbl.ncsu.edu_16080/benchmarks/Modgen89/bench/src/load/index16c1.html]
[www.cbl.ncsu.edu_16080/benchmarks/Modgen89/bench/src/parser/index79c2.html]
[www.cbl.ncsu.edu_16080/benchmarks/Modgen89/bench/src/parser/indexcaa7.html]
[www.cbl.ncsu.edu_16080/benchmarks/Modgen89/bench/src/parser/index864c.html]
[www.cbl.ncsu.edu_16080/benchmarks/Modgen89/bench/src/parser/index16c1.html]
[www.cbl.ncsu.edu_16080/benchmarks/Modgen89/bench/src/sample/index79c2.html]
[www.cbl.ncsu.edu_16080/benchmarks/Modgen89/bench/src/sample/indexcaa7.html]
[www.cbl.ncsu.edu_16080/benchmarks/Modgen89/bench/src/sample/index864c.html]
[www.cbl.ncsu.edu_16080/benchmarks/Modgen89/bench/src/sample/index16c1.html]
[www.cbl.ncsu.edu_16080/benchmarks/Modgen89/bench/tech/index2846.html]
[www.cbl.ncsu.edu_16080/benchmarks/Modgen89/bench/tech/index5272.html]
[www.cbl.ncsu.edu_16080/benchmarks/Modgen89/bench/tech/indexb3a7.html]
[www.cbl.ncsu.edu_16080/benchmarks/Modgen89/bench/tech/index7e6f.html]
[www.cbl.ncsu.edu_16080/benchmarks/Modgen89/bench/src/load/index2846.html]
[www.cbl.ncsu.edu_16080/benchmarks/Modgen89/bench/src/load/index5272.html]
[www.cbl.ncsu.edu_16080/benchmarks/Modgen89/bench/src/load/indexb3a7.html]
[www.cbl.ncsu.edu_16080/benchmarks/Modgen89/bench/src/load/index7e6f.html]
[www.cbl.ncsu.edu_16080/benchmarks/Modgen89/bench/src/parser/index2846.html]
[www.cbl.ncsu.edu_16080/benchmarks/Modgen89/bench/src/parser/index5272.html]
[www.cbl.ncsu.edu_16080/benchmarks/Modgen89/bench/src/parser/indexb3a7.html]
[www.cbl.ncsu.edu_16080/benchmarks/Modgen89/bench/src/parser/index7e6f.html]
[www.cbl.ncsu.edu_16080/benchmarks/Modgen89/bench/src/sample/index2846.html]
[www.cbl.ncsu.edu_16080/benchmarks/Modgen89/bench/src/sample/index5272.html]
[www.cbl.ncsu.edu_16080/benchmarks/Modgen89/bench/src/sample/indexb3a7.html]
[www.cbl.ncsu.edu_16080/benchmarks/Modgen89/bench/src/sample/index7e6f.html]
