V3 3
FL D:/Programs/Program/Programs/MSc_CompSc/4th_sem/VLSI/assignment/prjct/processor3/processor_vhd.vhd 2011/05/01.12:41:10 M.70d
EN work/processor_vhd 1304234652 \
      FL D:/Programs/Program/Programs/MSc_CompSc/4th_sem/VLSI/assignment/prjct/processor3/processor_vhd.vhd \
      PB ieee/std_logic_1164 1284609568 PB ieee/NUMERIC_STD 1284609569
AR work/processor_vhd/Behavioral 1304234653 \
      FL D:/Programs/Program/Programs/MSc_CompSc/4th_sem/VLSI/assignment/prjct/processor3/processor_vhd.vhd \
      EN work/processor_vhd 1304234652
