AR smallmux behv D:/Programs/Program/Programs/MSc_CompSc/4th_sem/VLSI/assignment/prjct/processor1/smallmux.vhd sub00/vhpl01 1303490562
EN reg_file NULL D:/Programs/Program/Programs/MSc_CompSc/4th_sem/VLSI/assignment/prjct/processor1/reg_file.vhd sub00/vhpl02 1303488043
EN smallmux NULL D:/Programs/Program/Programs/MSc_CompSc/4th_sem/VLSI/assignment/prjct/processor1/smallmux.vhd sub00/vhpl00 1303490561
