EN multiplexer NULL D:/Programs/Program/Programs/MSc_CompSc/4th_sem/VLSI/assignment/prjct/multiplexer/multiplexervhd.vhd sub00/vhpl00 1302722893
AR multiplexer behavioral D:/Programs/Program/Programs/MSc_CompSc/4th_sem/VLSI/assignment/prjct/multiplexer/multiplexervhd.vhd sub00/vhpl01 1302785399
EN multiplexervhd NULL D:/Programs/Program/Programs/MSc_CompSc/4th_sem/VLSI/assignment/prjct/multiplexer/multiplexervhd.vhd sub00/vhpl02 1302785398
