V3 4
FL D:/Programs/Program/Programs/MSc_CompSc/4th_sem/VLSI/assignment/prjct/multiplexer/multiplexervhd.vhd 2011/04/14.18:18:41 M.70d
EN work/multiplexervhd 1302785398 \
      FL D:/Programs/Program/Programs/MSc_CompSc/4th_sem/VLSI/assignment/prjct/multiplexer/multiplexervhd.vhd \
      PB ieee/std_logic_1164 1284609568 PB ieee/std_logic_arith 1284609569 \
      PB ieee/STD_LOGIC_UNSIGNED 1284609570
AR work/multiplexer/Behavioral 1302785399 \
      FL D:/Programs/Program/Programs/MSc_CompSc/4th_sem/VLSI/assignment/prjct/multiplexer/multiplexervhd.vhd \
      EN work/multiplexer 1302722893
