V3 3
FL D:/Programs/Program/Programs/MSc_CompSc/4th_sem/VLSI/assignment/prjct/memory/memory.vhd 2011/04/24.23:47:23 M.70d
EN work/memory 1303669058 \
      FL D:/Programs/Program/Programs/MSc_CompSc/4th_sem/VLSI/assignment/prjct/memory/memory.vhd \
      PB ieee/std_logic_1164 1284609568 PB ieee/std_logic_arith 1284609569 \
      PB ieee/STD_LOGIC_UNSIGNED 1284609570
AR work/memory/behv 1303669059 \
      FL D:/Programs/Program/Programs/MSc_CompSc/4th_sem/VLSI/assignment/prjct/memory/memory.vhd \
      EN work/memory 1303669058
